// Jest Snapshot v1, https://goo.gl/fbAQLP

exports[`<SearchForm /> renders correctly 1`] = `
<form
  className="fb-search"
  id="search-form"
  onSubmit={[Function]}
>
  <input
    autoComplete="off"
    className="fb-search-input"
    id="search"
    name="search"
    onChange={[Function]}
    placeholder="Book Name"
    required="required"
    type="search"
  />
</form>
`;
